// Jest Snapshot v1, https://goo.gl/fbAQLP

exports[`renders a modal correctly 1`] = `
<div
  class="modal"
>
  <div
    class="closeContainer"
  >
    <button
      class="closeBtn"
    >
      <svg
        fill="none"
        height="24"
        viewBox="0 0 24 24"
        width="24"
        xmlns="http://www.w3.org/2000/svg"
      >
        <path
          d="M12 12 7 7m5 5 5 5m-5-5 5-5m-5 5-5 5"
          stroke="#000000"
          stroke-linecap="round"
          stroke-linejoin="round"
          stroke-width="2"
        />
      </svg>
    </button>
  </div>
  View
</div>
`;
